Archive member included because of file (symbol)

/opt/Rowley Associates Limited/CrossWorks for ARM 1.7/lib/libarmdi_v4t_t_le.a(libarm_set_irq.o)
                              THUMB Flash Release/main.o (libarm_set_irq)
/opt/Rowley Associates Limited/CrossWorks for ARM 1.7/lib/libc_v4t_t_le.a(strcmp.o)
                              THUMB Flash Release/main.o (strcmp)
/opt/Rowley Associates Limited/CrossWorks for ARM 1.7/lib/libc_v4t_t_le.a(snprintf.o)
                              THUMB Flash Release/main.o (snprintf)
/opt/Rowley Associates Limited/CrossWorks for ARM 1.7/lib/libc_v4t_t_le.a(malloc.o)
                              THUMB Flash Release/main.o (malloc)
/opt/Rowley Associates Limited/CrossWorks for ARM 1.7/lib/libc_v4t_t_le.a(memcpy.o)
                              /opt/Rowley Associates Limited/CrossWorks for ARM 1.7/lib/libc_v4t_t_le.a(malloc.o) (memcpy)
/opt/Rowley Associates Limited/CrossWorks for ARM 1.7/lib/libc_v4t_t_le.a(memset.o)
                              /opt/Rowley Associates Limited/CrossWorks for ARM 1.7/lib/libc_v4t_t_le.a(malloc.o) (memset)
/opt/Rowley Associates Limited/CrossWorks for ARM 1.7/lib/libc_targetio_impl_v4t_t_le.a(printf.o)
                              THUMB Flash Release/main.o (printf)
/opt/Rowley Associates Limited/CrossWorks for ARM 1.7/lib/lib_vfprintf_long_v4t_t_le.a(__vfprintf_long.o)
                              /opt/Rowley Associates Limited/CrossWorks for ARM 1.7/lib/libc_v4t_t_le.a(snprintf.o) (__vfprintf)
/opt/Rowley Associates Limited/CrossWorks for ARM 1.7/lib/libc_v4t_t_le.a(__int32_umod.o)
                              /opt/Rowley Associates Limited/CrossWorks for ARM 1.7/lib/lib_vfprintf_long_v4t_t_le.a(__vfprintf_long.o) (__umodsi3)
/opt/Rowley Associates Limited/CrossWorks for ARM 1.7/lib/libc_v4t_t_le.a(__int32_udivmod.o)
                              /opt/Rowley Associates Limited/CrossWorks for ARM 1.7/lib/lib_vfprintf_long_v4t_t_le.a(__vfprintf_long.o) (__udivsi3)
/opt/Rowley Associates Limited/CrossWorks for ARM 1.7/lib/libc_v4t_t_le.a(strlen.o)
                              /opt/Rowley Associates Limited/CrossWorks for ARM 1.7/lib/lib_vfprintf_long_v4t_t_le.a(__vfprintf_long.o) (strlen)
/opt/Rowley Associates Limited/CrossWorks for ARM 1.7/lib/libc_v4t_t_le.a(__hex_lc_uc.o)
                              /opt/Rowley Associates Limited/CrossWorks for ARM 1.7/lib/lib_vfprintf_long_v4t_t_le.a(__vfprintf_long.o) (__hex_uc)

Memory Configuration

Name             Origin             Length             Attributes
UNPLACED_SECTIONS 0xffffffff         0x00000000         xw
Memory_Mapped_Registers 0xffff0000         0x00010000         xw
FLASH            0x00080000         0x0000f800         xr
SRAM             0x00010000         0x00002000         xw
*default*        0x00000000         0xffffffff

Linker script and memory map

                0xffff0000                __Memory_Mapped_Registers_segment_start__ = 0xffff0000
                0x00000000                __Memory_Mapped_Registers_segment_end__ = 0x0
                0x00080000                __FLASH_segment_start__ = 0x80000
                0x0008f800                __FLASH_segment_end__ = 0x8f800
                0x00010000                __SRAM_segment_start__ = 0x10000
                0x00012000                __SRAM_segment_end__ = 0x12000
                0x00000400                __STACKSIZE__ = 0x400
                0x00000100                __STACKSIZE_IRQ__ = 0x100
                0x00000100                __STACKSIZE_FIQ__ = 0x100
                0x00000000                __STACKSIZE_SVC__ = 0x0
                0x00000000                __STACKSIZE_ABT__ = 0x0
                0x00000000                __STACKSIZE_UND__ = 0x0
                0x00000400                __HEAPSIZE__ = 0x400
                0x00010000                __vectors_ram_load_start__ = __SRAM_segment_start__

.vectors_ram    0x00010000       0x3c
                0x00010000                __vectors_ram_start__ = .
 *(.vectors_ram)
                0x0001003c                . = ((__vectors_ram_start__ + 0x3c) MAX_K .)
 *fill*         0x00010000       0x3c 00
                0x0001003c                __vectors_ram_end__ = (__vectors_ram_start__ + SIZEOF (.vectors_ram))
                0x00000001                . = ASSERT (((__vectors_ram_end__ >= __SRAM_segment_start__) && (__vectors_ram_end__ <= (__SRAM_segment_start__ + 0x2000))), error: .vectors_ram is too large to fit in SRAM memory segment)
                0x00080000                __vectors_load_start__ = __FLASH_segment_start__

.vectors        0x00080000       0x3c
                0x00080000                __vectors_start__ = .
 *(.vectors .vectors.*)
 .vectors       0x00080000       0x3c THUMB Flash Release/Analog_ADuC7000_Startup.o
                0x00080000                _vectors
                0x0008003c                __vectors_end__ = (__vectors_start__ + SIZEOF (.vectors))
                0x00000001                . = ASSERT (((__vectors_end__ >= __FLASH_segment_start__) && (__vectors_end__ <= (__FLASH_segment_start__ + 0xf800))), error: .vectors is too large to fit in FLASH memory segment)
                0x0008003c                __init_load_start__ = (__vectors_end__ ALIGN 0x4)

.init           0x0008003c      0x234
                0x0008003c                __init_start__ = .
 *(.init .init.*)
 *fill*         0x0008003c        0x4 00
 .init          0x00080040      0x1d0 THUMB Flash Release/crt0.o
                0x00080040                __start
                0x00080040                _start
 .init          0x00080210       0x60 THUMB Flash Release/Analog_ADuC7000_Startup.o
                0x00080210                reset_handler
                0x00080254                undef_handler
                0x0008025c                pabort_handler
                0x00080260                dabort_handler
                0x00080258                swi_handler
                0x00080268                fiq_handler
                0x00080270                __init_end__ = (__init_start__ + SIZEOF (.init))
                0x00000001                . = ASSERT (((__init_end__ >= __FLASH_segment_start__) && (__init_end__ <= (__FLASH_segment_start__ + 0xf800))), error: .init is too large to fit in FLASH memory segment)
                0x00080270                __text_load_start__ = (__init_end__ ALIGN 0x4)

.text           0x00080270      0xe30
                0x00080270                __text_start__ = .
 *(.text .text.* .glue_7t .glue_7 .gnu.linkonce.t.* .gcc_except_table)
 .text          0x00080270      0x288 THUMB Flash Release/main.o
                0x0008028c                __putchar
                0x00080448                parseCommand
                0x00080324                main
                0x0008041c                buttonISR
                0x000803c8                timerISR
                0x000802a8                waitForStatus
 .glue_7        0x000804f8        0x0 THUMB Flash Release/main.o
 .glue_7t       0x000804f8        0x0 THUMB Flash Release/main.o
 .text          0x000804f8        0x0 THUMB Flash Release/crt0.o
 .glue_7        0x000804f8        0x0 THUMB Flash Release/crt0.o
 .glue_7t       0x000804f8        0x0 THUMB Flash Release/crt0.o
 .text          0x000804f8        0x0 THUMB Flash Release/Analog_ADuC7000_Startup.o
 .glue_7        0x000804f8        0x0 THUMB Flash Release/Analog_ADuC7000_Startup.o
 .glue_7t       0x000804f8        0x0 THUMB Flash Release/Analog_ADuC7000_Startup.o
 .text          0x000804f8      0x2ec THUMB Flash Release/Analog_ADuC7000.o
                0x00080678                ctl_unmask_isr
                0x000807c4                ctl_get_ticks_per_second
                0x000805b8                ctl_set_isr
                0x00080748                ctl_start_timer
                0x00080654                irq_handler
                0x000806b8                ctl_mask_isr
 .glue_7        0x000807e4        0x0 THUMB Flash Release/Analog_ADuC7000.o
 .glue_7t       0x000807e4        0x0 THUMB Flash Release/Analog_ADuC7000.o
 .text          0x000807e4       0x84 THUMB Flash Release/Analog_ADuC702x_Eval_Board.o
                0x00080838                ctl_board_on_button_pressed
                0x000807e4                ctl_board_init
                0x00080818                ctl_board_set_leds
 .glue_7        0x00080868        0x0 THUMB Flash Release/Analog_ADuC702x_Eval_Board.o
 .glue_7t       0x00080868        0x0 THUMB Flash Release/Analog_ADuC702x_Eval_Board.o
 .text          0x00080868        0x0 /opt/Rowley Associates Limited/CrossWorks for ARM 1.7/lib/libarmdi_v4t_t_le.a(libarm_set_irq.o)
 *fill*         0x00080868        0x8 00
 .text.libc     0x00080870       0x30 /opt/Rowley Associates Limited/CrossWorks for ARM 1.7/lib/libarmdi_v4t_t_le.a(libarm_set_irq.o)
                0x00080870                ctl_global_interrupts_set
                0x00080870                libarm_set_irq
 .glue_7        0x000808a0        0x0 /opt/Rowley Associates Limited/CrossWorks for ARM 1.7/lib/libarmdi_v4t_t_le.a(libarm_set_irq.o)
 .glue_7t       0x000808a0        0x0 /opt/Rowley Associates Limited/CrossWorks for ARM 1.7/lib/libarmdi_v4t_t_le.a(libarm_set_irq.o)
 .text          0x000808a0        0x0 /opt/Rowley Associates Limited/CrossWorks for ARM 1.7/lib/libc_v4t_t_le.a(strcmp.o)
 .text.libc     0x000808a0       0x14 /opt/Rowley Associates Limited/CrossWorks for ARM 1.7/lib/libc_v4t_t_le.a(strcmp.o)
                0x000808a0                strcmp
 .glue_7        0x000808b4        0x0 /opt/Rowley Associates Limited/CrossWorks for ARM 1.7/lib/libc_v4t_t_le.a(strcmp.o)
 .glue_7t       0x000808b4        0x0 /opt/Rowley Associates Limited/CrossWorks for ARM 1.7/lib/libc_v4t_t_le.a(strcmp.o)
 .text          0x000808b4        0x0 /opt/Rowley Associates Limited/CrossWorks for ARM 1.7/lib/libc_v4t_t_le.a(snprintf.o)
 .text.libc     0x000808b4       0x28 /opt/Rowley Associates Limited/CrossWorks for ARM 1.7/lib/libc_v4t_t_le.a(snprintf.o)
                0x000808b4                snprintf
 .glue_7        0x000808dc        0x0 /opt/Rowley Associates Limited/CrossWorks for ARM 1.7/lib/libc_v4t_t_le.a(snprintf.o)
 .glue_7t       0x000808dc        0x0 /opt/Rowley Associates Limited/CrossWorks for ARM 1.7/lib/libc_v4t_t_le.a(snprintf.o)
 .text          0x000808dc        0x0 /opt/Rowley Associates Limited/CrossWorks for ARM 1.7/lib/libc_v4t_t_le.a(malloc.o)
 .text.libc     0x000808dc      0x160 /opt/Rowley Associates Limited/CrossWorks for ARM 1.7/lib/libc_v4t_t_le.a(malloc.o)
                0x000808dc                malloc
                0x00080a18                calloc
                0x000809ec                realloc
                0x00080950                free
 .glue_7        0x00080a3c        0x0 /opt/Rowley Associates Limited/CrossWorks for ARM 1.7/lib/libc_v4t_t_le.a(malloc.o)
 .glue_7t       0x00080a3c        0x0 /opt/Rowley Associates Limited/CrossWorks for ARM 1.7/lib/libc_v4t_t_le.a(malloc.o)
 .text          0x00080a3c        0x0 /opt/Rowley Associates Limited/CrossWorks for ARM 1.7/lib/libc_v4t_t_le.a(memcpy.o)
 .text.libc     0x00080a3c       0x18 /opt/Rowley Associates Limited/CrossWorks for ARM 1.7/lib/libc_v4t_t_le.a(memcpy.o)
                0x00080a3c                memcpy
 .glue_7        0x00080a54        0x0 /opt/Rowley Associates Limited/CrossWorks for ARM 1.7/lib/libc_v4t_t_le.a(memcpy.o)
 .glue_7t       0x00080a54        0x0 /opt/Rowley Associates Limited/CrossWorks for ARM 1.7/lib/libc_v4t_t_le.a(memcpy.o)
 .text          0x00080a54        0x0 /opt/Rowley Associates Limited/CrossWorks for ARM 1.7/lib/libc_v4t_t_le.a(memset.o)
 .text.libc     0x00080a54       0x14 /opt/Rowley Associates Limited/CrossWorks for ARM 1.7/lib/libc_v4t_t_le.a(memset.o)
                0x00080a54                memset
 .glue_7        0x00080a68        0x0 /opt/Rowley Associates Limited/CrossWorks for ARM 1.7/lib/libc_v4t_t_le.a(memset.o)
 .glue_7t       0x00080a68        0x0 /opt/Rowley Associates Limited/CrossWorks for ARM 1.7/lib/libc_v4t_t_le.a(memset.o)
 .text          0x00080a68        0x0 /opt/Rowley Associates Limited/CrossWorks for ARM 1.7/lib/libc_targetio_impl_v4t_t_le.a(printf.o)
 .text.libc     0x00080a68       0x30 /opt/Rowley Associates Limited/CrossWorks for ARM 1.7/lib/libc_targetio_impl_v4t_t_le.a(printf.o)
                0x00080a68                printf
 .glue_7        0x00080a98        0x0 /opt/Rowley Associates Limited/CrossWorks for ARM 1.7/lib/libc_targetio_impl_v4t_t_le.a(printf.o)
 .glue_7t       0x00080a98        0x0 /opt/Rowley Associates Limited/CrossWorks for ARM 1.7/lib/libc_targetio_impl_v4t_t_le.a(printf.o)
 .text          0x00080a98        0x0 /opt/Rowley Associates Limited/CrossWorks for ARM 1.7/lib/lib_vfprintf_long_v4t_t_le.a(__vfprintf_long.o)
 .text.libc     0x00080a98      0x578 /opt/Rowley Associates Limited/CrossWorks for ARM 1.7/lib/lib_vfprintf_long_v4t_t_le.a(__vfprintf_long.o)
                0x00080b08                __vfprintf
 .glue_7        0x00081010        0x0 /opt/Rowley Associates Limited/CrossWorks for ARM 1.7/lib/lib_vfprintf_long_v4t_t_le.a(__vfprintf_long.o)
 .glue_7t       0x00081010        0x0 /opt/Rowley Associates Limited/CrossWorks for ARM 1.7/lib/lib_vfprintf_long_v4t_t_le.a(__vfprintf_long.o)
 .text          0x00081010        0x0 /opt/Rowley Associates Limited/CrossWorks for ARM 1.7/lib/libc_v4t_t_le.a(__int32_umod.o)
 .text.libc     0x00081010       0x20 /opt/Rowley Associates Limited/CrossWorks for ARM 1.7/lib/libc_v4t_t_le.a(__int32_umod.o)
                0x00081010                __umodsi3
                0x00081010                __int32_umod
 .glue_7        0x00081030        0x0 /opt/Rowley Associates Limited/CrossWorks for ARM 1.7/lib/libc_v4t_t_le.a(__int32_umod.o)
 .glue_7t       0x00081030        0x0 /opt/Rowley Associates Limited/CrossWorks for ARM 1.7/lib/libc_v4t_t_le.a(__int32_umod.o)
 .text          0x00081030        0x0 /opt/Rowley Associates Limited/CrossWorks for ARM 1.7/lib/libc_v4t_t_le.a(__int32_udivmod.o)
 .text.libc     0x00081030       0x30 /opt/Rowley Associates Limited/CrossWorks for ARM 1.7/lib/libc_v4t_t_le.a(__int32_udivmod.o)
                0x00081030                __int32_udiv
                0x00081030                __int32_udivmod
                0x00081030                __udivsi3
 .glue_7        0x00081060        0x0 /opt/Rowley Associates Limited/CrossWorks for ARM 1.7/lib/libc_v4t_t_le.a(__int32_udivmod.o)
 .glue_7t       0x00081060        0x0 /opt/Rowley Associates Limited/CrossWorks for ARM 1.7/lib/libc_v4t_t_le.a(__int32_udivmod.o)
 .text          0x00081060        0x0 /opt/Rowley Associates Limited/CrossWorks for ARM 1.7/lib/libc_v4t_t_le.a(strlen.o)
 .text.libc     0x00081060       0x10 /opt/Rowley Associates Limited/CrossWorks for ARM 1.7/lib/libc_v4t_t_le.a(strlen.o)
                0x00081060                strlen
 .glue_7        0x00081070        0x0 /opt/Rowley Associates Limited/CrossWorks for ARM 1.7/lib/libc_v4t_t_le.a(strlen.o)
 .glue_7t       0x00081070        0x0 /opt/Rowley Associates Limited/CrossWorks for ARM 1.7/lib/libc_v4t_t_le.a(strlen.o)
 .text          0x00081070        0x0 /opt/Rowley Associates Limited/CrossWorks for ARM 1.7/lib/libc_v4t_t_le.a(__hex_lc_uc.o)
 .text.libc     0x00081070        0x0 /opt/Rowley Associates Limited/CrossWorks for ARM 1.7/lib/libc_v4t_t_le.a(__hex_lc_uc.o)
 .glue_7        0x00081070        0x0 /opt/Rowley Associates Limited/CrossWorks for ARM 1.7/lib/libc_v4t_t_le.a(__hex_lc_uc.o)
 .glue_7t       0x00081070       0x30 /opt/Rowley Associates Limited/CrossWorks for ARM 1.7/lib/libc_v4t_t_le.a(__hex_lc_uc.o)
                0x00081074                __ctl_set_isr_change_to_arm
                0x00081088                __ctl_mask_isr_from_thumb
                0x00081084                __libarm_set_irq_change_to_arm
                0x00081094                ____umodsi3_change_to_arm
                0x0008109c                ____udivsi3_change_to_arm
                0x0008108c                __ctl_mask_isr_change_to_arm
                0x00081080                __libarm_set_irq_from_thumb
                0x00081078                __ctl_unmask_isr_from_thumb
                0x00081090                ____umodsi3_from_thumb
                0x00081098                ____udivsi3_from_thumb
                0x0008107c                __ctl_unmask_isr_change_to_arm
                0x00081070                __ctl_set_isr_from_thumb
                0x000810a0                __text_end__ = (__text_start__ + SIZEOF (.text))
                0x00000001                . = ASSERT (((__text_end__ >= __FLASH_segment_start__) && (__text_end__ <= (__FLASH_segment_start__ + 0xf800))), error: .text is too large to fit in FLASH memory segment)
                0x000810a0                __dtors_load_start__ = (__text_end__ ALIGN 0x4)

.dtors          0x000810a0        0x0
                0x000810a0                __dtors_start__ = .
 *(SORT(.dtors.*))
 *(.dtors)
                0x000810a0                __dtors_end__ = (__dtors_start__ + SIZEOF (.dtors))
                0x00000001                . = ASSERT (((__dtors_end__ >= __FLASH_segment_start__) && (__dtors_end__ <= (__FLASH_segment_start__ + 0xf800))), error: .dtors is too large to fit in FLASH memory segment)
                0x000810a0                __ctors_load_start__ = (__dtors_end__ ALIGN 0x4)

.ctors          0x000810a0        0x0
                0x000810a0                __ctors_start__ = .
 *(SORT(.ctors.*))
 *(.ctors)
                0x000810a0                __ctors_end__ = (__ctors_start__ + SIZEOF (.ctors))
                0x00000001                . = ASSERT (((__ctors_end__ >= __FLASH_segment_start__) && (__ctors_end__ <= (__FLASH_segment_start__ + 0xf800))), error: .ctors is too large to fit in FLASH memory segment)
                0x000810a0                __rodata_load_start__ = (__ctors_end__ ALIGN 0x4)

.rodata         0x000810a0      0x180
                0x000810a0                __rodata_start__ = .
 *(.rodata .rodata.* .gnu.linkonce.r.*)
 .rodata.str1.4
                0x000810a0       0x98 THUMB Flash Release/main.o
 .rodata.libc   0x00081138       0xc8 /opt/Rowley Associates Limited/CrossWorks for ARM 1.7/lib/lib_vfprintf_long_v4t_t_le.a(__vfprintf_long.o)
 .rodata.libc   0x00081200       0x20 /opt/Rowley Associates Limited/CrossWorks for ARM 1.7/lib/libc_v4t_t_le.a(__hex_lc_uc.o)
                0x00081200                __hex_uc
                0x00081210                __hex_lc
                0x00081220                __rodata_end__ = (__rodata_start__ + SIZEOF (.rodata))
                0x00000001                . = ASSERT (((__rodata_end__ >= __FLASH_segment_start__) && (__rodata_end__ <= (__FLASH_segment_start__ + 0xf800))), error: .rodata is too large to fit in FLASH memory segment)
                0x00081220                __fast_load_start__ = (__rodata_end__ ALIGN 0x4)

.fast           0x0001003c        0x0 load address 0x00081220
                0x0001003c                __fast_start__ = .
 *(.fast .fast.*)
                0x0001003c                __fast_end__ = (__fast_start__ + SIZEOF (.fast))
                0x00081220                __fast_load_end__ = (__fast_load_start__ + SIZEOF (.fast))
                0x00000001                . = ASSERT ((((__fast_load_start__ + SIZEOF (.fast)) >= __FLASH_segment_start__) && ((__fast_load_start__ + SIZEOF (.fast)) <= (__FLASH_segment_start__ + 0xf800))), error: .fast is too large to fit in FLASH memory segment)

.fast_run       0x0001003c        0x0
                0x0001003c                __fast_run_start__ = .
                0x0001003c                . = ((__fast_run_start__ + SIZEOF (.fast)) MAX_K .)
                0x0001003c                __fast_run_end__ = (__fast_run_start__ + SIZEOF (.fast_run))
                0x00000001                . = ASSERT (((__fast_run_end__ >= __SRAM_segment_start__) && (__fast_run_end__ <= (__SRAM_segment_start__ + 0x2000))), error: .fast_run is too large to fit in SRAM memory segment)
                0x00081220                __data_load_start__ = ((__fast_load_start__ + SIZEOF (.fast)) ALIGN 0x4)

.data           0x0001003c        0x8 load address 0x00081220
                0x0001003c                __data_start__ = .
 *(.data .data.* .gnu.linkonce.d.*)
 .data          0x0001003c        0x4 THUMB Flash Release/main.o
                0x0001003c                clock0Multiplier
 .data          0x00010040        0x0 THUMB Flash Release/crt0.o
 .data          0x00010040        0x0 THUMB Flash Release/Analog_ADuC7000_Startup.o
 .data          0x00010040        0x0 THUMB Flash Release/Analog_ADuC7000.o
 .data          0x00010040        0x0 THUMB Flash Release/Analog_ADuC702x_Eval_Board.o
 .data          0x00010040        0x0 /opt/Rowley Associates Limited/CrossWorks for ARM 1.7/lib/libarmdi_v4t_t_le.a(libarm_set_irq.o)
 .data          0x00010040        0x0 /opt/Rowley Associates Limited/CrossWorks for ARM 1.7/lib/libc_v4t_t_le.a(strcmp.o)
 .data          0x00010040        0x0 /opt/Rowley Associates Limited/CrossWorks for ARM 1.7/lib/libc_v4t_t_le.a(snprintf.o)
 .data          0x00010040        0x0 /opt/Rowley Associates Limited/CrossWorks for ARM 1.7/lib/libc_v4t_t_le.a(malloc.o)
 .data.libc     0x00010040        0x4 /opt/Rowley Associates Limited/CrossWorks for ARM 1.7/lib/libc_v4t_t_le.a(malloc.o)
 .data          0x00010044        0x0 /opt/Rowley Associates Limited/CrossWorks for ARM 1.7/lib/libc_v4t_t_le.a(memcpy.o)
 .data          0x00010044        0x0 /opt/Rowley Associates Limited/CrossWorks for ARM 1.7/lib/libc_v4t_t_le.a(memset.o)
 .data          0x00010044        0x0 /opt/Rowley Associates Limited/CrossWorks for ARM 1.7/lib/libc_targetio_impl_v4t_t_le.a(printf.o)
 .data          0x00010044        0x0 /opt/Rowley Associates Limited/CrossWorks for ARM 1.7/lib/lib_vfprintf_long_v4t_t_le.a(__vfprintf_long.o)
 .data          0x00010044        0x0 /opt/Rowley Associates Limited/CrossWorks for ARM 1.7/lib/libc_v4t_t_le.a(__int32_umod.o)
 .data          0x00010044        0x0 /opt/Rowley Associates Limited/CrossWorks for ARM 1.7/lib/libc_v4t_t_le.a(__int32_udivmod.o)
 .data          0x00010044        0x0 /opt/Rowley Associates Limited/CrossWorks for ARM 1.7/lib/libc_v4t_t_le.a(strlen.o)
 .data          0x00010044        0x0 /opt/Rowley Associates Limited/CrossWorks for ARM 1.7/lib/libc_v4t_t_le.a(__hex_lc_uc.o)
                0x00010044                __data_end__ = (__data_start__ + SIZEOF (.data))
                0x00081228                __data_load_end__ = (__data_load_start__ + SIZEOF (.data))
                0x00081228                __FLASH_segment_used_end__ = (((__fast_load_start__ + SIZEOF (.fast)) ALIGN 0x4) + SIZEOF (.data))
                0x00000001                . = ASSERT ((((__data_load_start__ + SIZEOF (.data)) >= __FLASH_segment_start__) && ((__data_load_start__ + SIZEOF (.data)) <= (__FLASH_segment_start__ + 0xf800))), error: .data is too large to fit in FLASH memory segment)

.data_run       0x0001003c        0x8
                0x0001003c                __data_run_start__ = .
                0x00010044                . = ((__data_run_start__ + SIZEOF (.data)) MAX_K .)
 *fill*         0x0001003c        0x8 00
                0x00010044                __data_run_end__ = (__data_run_start__ + SIZEOF (.data_run))
                0x00000001                . = ASSERT (((__data_run_end__ >= __SRAM_segment_start__) && (__data_run_end__ <= (__SRAM_segment_start__ + 0x2000))), error: .data_run is too large to fit in SRAM memory segment)
                0x00010044                __bss_load_start__ = (__data_run_end__ ALIGN 0x4)

.bss            0x00010044       0x70
                0x00010044                __bss_start__ = .
 *(.bss .bss.* .gnu.linkonce.b.*)
 .bss           0x00010044        0x8 THUMB Flash Release/main.o
                0x00010048                clock0Count
                0x00010044                alertStatus
 .bss           0x0001004c        0x0 THUMB Flash Release/crt0.o
 .bss           0x0001004c        0x0 THUMB Flash Release/Analog_ADuC7000_Startup.o
 .bss           0x0001004c       0x64 THUMB Flash Release/Analog_ADuC7000.o
 .bss           0x000100b0        0x4 THUMB Flash Release/Analog_ADuC702x_Eval_Board.o
 .bss           0x000100b4        0x0 /opt/Rowley Associates Limited/CrossWorks for ARM 1.7/lib/libarmdi_v4t_t_le.a(libarm_set_irq.o)
 .bss           0x000100b4        0x0 /opt/Rowley Associates Limited/CrossWorks for ARM 1.7/lib/libc_v4t_t_le.a(strcmp.o)
 .bss           0x000100b4        0x0 /opt/Rowley Associates Limited/CrossWorks for ARM 1.7/lib/libc_v4t_t_le.a(snprintf.o)
 .bss           0x000100b4        0x0 /opt/Rowley Associates Limited/CrossWorks for ARM 1.7/lib/libc_v4t_t_le.a(malloc.o)
 .bss           0x000100b4        0x0 /opt/Rowley Associates Limited/CrossWorks for ARM 1.7/lib/libc_v4t_t_le.a(memcpy.o)
 .bss           0x000100b4        0x0 /opt/Rowley Associates Limited/CrossWorks for ARM 1.7/lib/libc_v4t_t_le.a(memset.o)
 .bss           0x000100b4        0x0 /opt/Rowley Associates Limited/CrossWorks for ARM 1.7/lib/libc_targetio_impl_v4t_t_le.a(printf.o)
 .bss           0x000100b4        0x0 /opt/Rowley Associates Limited/CrossWorks for ARM 1.7/lib/lib_vfprintf_long_v4t_t_le.a(__vfprintf_long.o)
 .bss           0x000100b4        0x0 /opt/Rowley Associates Limited/CrossWorks for ARM 1.7/lib/libc_v4t_t_le.a(__int32_umod.o)
 .bss           0x000100b4        0x0 /opt/Rowley Associates Limited/CrossWorks for ARM 1.7/lib/libc_v4t_t_le.a(__int32_udivmod.o)
 .bss           0x000100b4        0x0 /opt/Rowley Associates Limited/CrossWorks for ARM 1.7/lib/libc_v4t_t_le.a(strlen.o)
 .bss           0x000100b4        0x0 /opt/Rowley Associates Limited/CrossWorks for ARM 1.7/lib/libc_v4t_t_le.a(__hex_lc_uc.o)
 *(COMMON)
                0x000100b4                __bss_end__ = (__bss_start__ + SIZEOF (.bss))
                0x00000001                . = ASSERT (((__bss_end__ >= __SRAM_segment_start__) && (__bss_end__ <= (__SRAM_segment_start__ + 0x2000))), error: .bss is too large to fit in SRAM memory segment)
                0x000100b4                __non_init_load_start__ = (__bss_end__ ALIGN 0x4)

.non_init       0x000100b4        0x0
                0x000100b4                __non_init_start__ = .
 *(.non_init .non_init.*)
                0x000100b4                __non_init_end__ = (__non_init_start__ + SIZEOF (.non_init))
                0x00000001                . = ASSERT (((__non_init_end__ >= __SRAM_segment_start__) && (__non_init_end__ <= (__SRAM_segment_start__ + 0x2000))), error: .non_init is too large to fit in SRAM memory segment)
                0x000100b4                __heap_load_start__ = (__non_init_end__ ALIGN 0x4)

.heap           0x000100b4      0x400
                0x000100b4                __heap_start__ = .
 *(.heap)
                0x000104b4                . = (((__heap_start__ + __HEAPSIZE__) MAX_K .) ALIGN 0x4)
 *fill*         0x000100b4      0x400 00
                0x000104b4                __heap_end__ = (__heap_start__ + SIZEOF (.heap))
                0x00000001                . = ASSERT (((__heap_end__ >= __SRAM_segment_start__) && (__heap_end__ <= (__SRAM_segment_start__ + 0x2000))), error: .heap is too large to fit in SRAM memory segment)
                0x000104b4                __stack_load_start__ = (__heap_end__ ALIGN 0x4)

.stack          0x000104b4      0x400
                0x000104b4                __stack_start__ = .
 *(.stack)
                0x000108b4                . = (((__stack_start__ + __STACKSIZE__) MAX_K .) ALIGN 0x4)
 *fill*         0x000104b4      0x400 00
                0x000108b4                __stack_end__ = (__stack_start__ + SIZEOF (.stack))
                0x00000001                . = ASSERT (((__stack_end__ >= __SRAM_segment_start__) && (__stack_end__ <= (__SRAM_segment_start__ + 0x2000))), error: .stack is too large to fit in SRAM memory segment)
                0x000108b4                __stack_irq_load_start__ = (__stack_end__ ALIGN 0x4)

.stack_irq      0x000108b4      0x100
                0x000108b4                __stack_irq_start__ = .
 *(.stack_irq)
                0x000109b4                . = (((__stack_irq_start__ + __STACKSIZE_IRQ__) MAX_K .) ALIGN 0x4)
 *fill*         0x000108b4      0x100 00
                0x000109b4                __stack_irq_end__ = (__stack_irq_start__ + SIZEOF (.stack_irq))
                0x00000001                . = ASSERT (((__stack_irq_end__ >= __SRAM_segment_start__) && (__stack_irq_end__ <= (__SRAM_segment_start__ + 0x2000))), error: .stack_irq is too large to fit in SRAM memory segment)
                0x000109b4                __stack_fiq_load_start__ = (__stack_irq_end__ ALIGN 0x4)

.stack_fiq      0x000109b4      0x100
                0x000109b4                __stack_fiq_start__ = .
 *(.stack_fiq)
                0x00010ab4                . = (((__stack_fiq_start__ + __STACKSIZE_FIQ__) MAX_K .) ALIGN 0x4)
 *fill*         0x000109b4      0x100 00
                0x00010ab4                __stack_fiq_end__ = (__stack_fiq_start__ + SIZEOF (.stack_fiq))
                0x00000001                . = ASSERT (((__stack_fiq_end__ >= __SRAM_segment_start__) && (__stack_fiq_end__ <= (__SRAM_segment_start__ + 0x2000))), error: .stack_fiq is too large to fit in SRAM memory segment)
                0x00010ab4                __stack_svc_load_start__ = (__stack_fiq_end__ ALIGN 0x4)

.stack_svc      0x00010ab4        0x0
                0x00010ab4                __stack_svc_start__ = .
 *(.stack_svc)
                0x00010ab8                . = (((__stack_svc_start__ + __STACKSIZE_SVC__) MAX_K .) ALIGN 0x4)
                0x00010ab4                __stack_svc_end__ = (__stack_svc_start__ + SIZEOF (.stack_svc))
                0x00000001                . = ASSERT (((__stack_svc_end__ >= __SRAM_segment_start__) && (__stack_svc_end__ <= (__SRAM_segment_start__ + 0x2000))), error: .stack_svc is too large to fit in SRAM memory segment)
                0x00010ab4                __stack_abt_load_start__ = (__stack_svc_end__ ALIGN 0x4)

.stack_abt      0x00010ab4        0x0
                0x00010ab4                __stack_abt_start__ = .
 *(.stack_abt)
                0x00010ab8                . = (((__stack_abt_start__ + __STACKSIZE_ABT__) MAX_K .) ALIGN 0x4)
                0x00010ab4                __stack_abt_end__ = (__stack_abt_start__ + SIZEOF (.stack_abt))
                0x00000001                . = ASSERT (((__stack_abt_end__ >= __SRAM_segment_start__) && (__stack_abt_end__ <= (__SRAM_segment_start__ + 0x2000))), error: .stack_abt is too large to fit in SRAM memory segment)
                0x00010ab4                __stack_und_load_start__ = (__stack_abt_end__ ALIGN 0x4)

.stack_und      0x00010ab4        0x0
                0x00010ab4                __stack_und_start__ = .
 *(.stack_und)
                0x00010ab8                . = (((__stack_und_start__ + __STACKSIZE_UND__) MAX_K .) ALIGN 0x4)
                0x00010ab4                __stack_und_end__ = (__stack_und_start__ + SIZEOF (.stack_und))
                0x00010ab4                __SRAM_segment_used_end__ = ((__stack_abt_end__ ALIGN 0x4) + SIZEOF (.stack_und))
                0x00000001                . = ASSERT (((__stack_und_end__ >= __SRAM_segment_start__) && (__stack_und_end__ <= (__SRAM_segment_start__ + 0x2000))), error: .stack_und is too large to fit in SRAM memory segment)
START GROUP
LOAD THUMB Flash Release/main.o
LOAD THUMB Flash Release/crt0.o
LOAD THUMB Flash Release/Analog_ADuC7000_Startup.o
LOAD THUMB Flash Release/Analog_ADuC7000.o
LOAD THUMB Flash Release/Analog_ADuC702x_Eval_Board.o
LOAD /opt/Rowley Associates Limited/CrossWorks for ARM 1.7/lib/libarmdi_v4t_t_le.a
LOAD /opt/Rowley Associates Limited/CrossWorks for ARM 1.7/lib/libm_v4t_t_le.a
LOAD /opt/Rowley Associates Limited/CrossWorks for ARM 1.7/lib/libc_v4t_t_le.a
LOAD /opt/Rowley Associates Limited/CrossWorks for ARM 1.7/lib/libcpp_v4t_t_le.a
LOAD /opt/Rowley Associates Limited/CrossWorks for ARM 1.7/lib/libdebugio_v4t_t_le.a
LOAD /opt/Rowley Associates Limited/CrossWorks for ARM 1.7/lib/libc_targetio_impl_v4t_t_le.a
LOAD /opt/Rowley Associates Limited/CrossWorks for ARM 1.7/lib/lib_vfprintf_long_v4t_t_le.a
LOAD /opt/Rowley Associates Limited/CrossWorks for ARM 1.7/lib/lib_vfscanf_long_v4t_t_le.a
END GROUP
OUTPUT(THUMB Flash Release/MANVFirmware.elf elf32-littlearm)

.comment        0x00000000       0x90
 .comment       0x00000000       0x12 THUMB Flash Release/main.o
 .comment       0x00000012       0x12 THUMB Flash Release/Analog_ADuC7000.o
 .comment       0x00000024       0x12 THUMB Flash Release/Analog_ADuC702x_Eval_Board.o
 .comment       0x00000036       0x12 /opt/Rowley Associates Limited/CrossWorks for ARM 1.7/lib/libc_v4t_t_le.a(snprintf.o)
 .comment       0x00000048       0x12 /opt/Rowley Associates Limited/CrossWorks for ARM 1.7/lib/libc_v4t_t_le.a(malloc.o)
 .comment       0x0000005a       0x12 /opt/Rowley Associates Limited/CrossWorks for ARM 1.7/lib/libc_targetio_impl_v4t_t_le.a(printf.o)
 .comment       0x0000006c       0x12 /opt/Rowley Associates Limited/CrossWorks for ARM 1.7/lib/lib_vfprintf_long_v4t_t_le.a(__vfprintf_long.o)
 .comment       0x0000007e       0x12 /opt/Rowley Associates Limited/CrossWorks for ARM 1.7/lib/libc_v4t_t_le.a(__hex_lc_uc.o)

.debug_frame    0x00000000      0x284
 .debug_frame   0x00000000       0x20 /opt/Rowley Associates Limited/CrossWorks for ARM 1.7/lib/libarmdi_v4t_t_le.a(libarm_set_irq.o)
 .debug_frame   0x00000020       0x20 /opt/Rowley Associates Limited/CrossWorks for ARM 1.7/lib/libc_v4t_t_le.a(strcmp.o)
 .debug_frame   0x00000040       0x3c /opt/Rowley Associates Limited/CrossWorks for ARM 1.7/lib/libc_v4t_t_le.a(snprintf.o)
 .debug_frame   0x0000007c       0x90 /opt/Rowley Associates Limited/CrossWorks for ARM 1.7/lib/libc_v4t_t_le.a(malloc.o)
 .debug_frame   0x0000010c       0x20 /opt/Rowley Associates Limited/CrossWorks for ARM 1.7/lib/libc_v4t_t_le.a(memcpy.o)
 .debug_frame   0x0000012c       0x20 /opt/Rowley Associates Limited/CrossWorks for ARM 1.7/lib/libc_v4t_t_le.a(memset.o)
 .debug_frame   0x0000014c       0x38 /opt/Rowley Associates Limited/CrossWorks for ARM 1.7/lib/libc_targetio_impl_v4t_t_le.a(printf.o)
 .debug_frame   0x00000184       0xa0 /opt/Rowley Associates Limited/CrossWorks for ARM 1.7/lib/lib_vfprintf_long_v4t_t_le.a(__vfprintf_long.o)
 .debug_frame   0x00000224       0x20 /opt/Rowley Associates Limited/CrossWorks for ARM 1.7/lib/libc_v4t_t_le.a(__int32_umod.o)
 .debug_frame   0x00000244       0x20 /opt/Rowley Associates Limited/CrossWorks for ARM 1.7/lib/libc_v4t_t_le.a(__int32_udivmod.o)
 .debug_frame   0x00000264       0x20 /opt/Rowley Associates Limited/CrossWorks for ARM 1.7/lib/libc_v4t_t_le.a(strlen.o)

.debug_abbrev   0x00000000       0x9e
 .debug_abbrev  0x00000000       0x23 /opt/Rowley Associates Limited/CrossWorks for ARM 1.7/lib/libc_v4t_t_le.a(snprintf.o)
 .debug_abbrev  0x00000023       0x23 /opt/Rowley Associates Limited/CrossWorks for ARM 1.7/lib/libc_v4t_t_le.a(malloc.o)
 .debug_abbrev  0x00000046       0x23 /opt/Rowley Associates Limited/CrossWorks for ARM 1.7/lib/libc_targetio_impl_v4t_t_le.a(printf.o)
 .debug_abbrev  0x00000069       0x34 /opt/Rowley Associates Limited/CrossWorks for ARM 1.7/lib/lib_vfprintf_long_v4t_t_le.a(__vfprintf_long.o)
 .debug_abbrev  0x0000009d        0x1 /opt/Rowley Associates Limited/CrossWorks for ARM 1.7/lib/libc_v4t_t_le.a(__hex_lc_uc.o)

.debug_info     0x00000000      0x13d
 .debug_info    0x00000000       0x32 /opt/Rowley Associates Limited/CrossWorks for ARM 1.7/lib/libc_v4t_t_le.a(snprintf.o)
 .debug_info    0x00000032       0x6e /opt/Rowley Associates Limited/CrossWorks for ARM 1.7/lib/libc_v4t_t_le.a(malloc.o)
 .debug_info    0x000000a0       0x32 /opt/Rowley Associates Limited/CrossWorks for ARM 1.7/lib/libc_targetio_impl_v4t_t_le.a(printf.o)
 .debug_info    0x000000d2       0x6b /opt/Rowley Associates Limited/CrossWorks for ARM 1.7/lib/lib_vfprintf_long_v4t_t_le.a(__vfprintf_long.o)
 .debug_info    0x0000013d        0x0 /opt/Rowley Associates Limited/CrossWorks for ARM 1.7/lib/libc_v4t_t_le.a(__hex_lc_uc.o)

.debug_line     0x00000000      0x1c3
 .debug_line    0x00000000       0x6a /opt/Rowley Associates Limited/CrossWorks for ARM 1.7/lib/libc_v4t_t_le.a(snprintf.o)
 .debug_line    0x0000006a       0x68 /opt/Rowley Associates Limited/CrossWorks for ARM 1.7/lib/libc_v4t_t_le.a(malloc.o)
 .debug_line    0x000000d2       0x68 /opt/Rowley Associates Limited/CrossWorks for ARM 1.7/lib/libc_targetio_impl_v4t_t_le.a(printf.o)
 .debug_line    0x0000013a       0x6c /opt/Rowley Associates Limited/CrossWorks for ARM 1.7/lib/lib_vfprintf_long_v4t_t_le.a(__vfprintf_long.o)
 .debug_line    0x000001a6       0x1d /opt/Rowley Associates Limited/CrossWorks for ARM 1.7/lib/libc_v4t_t_le.a(__hex_lc_uc.o)

.debug_loc      0x00000000      0x17f
 .debug_loc     0x00000000       0x37 /opt/Rowley Associates Limited/CrossWorks for ARM 1.7/lib/libc_v4t_t_le.a(snprintf.o)
 .debug_loc     0x00000037       0x7c /opt/Rowley Associates Limited/CrossWorks for ARM 1.7/lib/libc_v4t_t_le.a(malloc.o)
 .debug_loc     0x000000b3       0x37 /opt/Rowley Associates Limited/CrossWorks for ARM 1.7/lib/libc_targetio_impl_v4t_t_le.a(printf.o)
 .debug_loc     0x000000ea       0x95 /opt/Rowley Associates Limited/CrossWorks for ARM 1.7/lib/lib_vfprintf_long_v4t_t_le.a(__vfprintf_long.o)

.debug_pubnames
                0x00000000       0x9a
 .debug_pubnames
                0x00000000       0x1f /opt/Rowley Associates Limited/CrossWorks for ARM 1.7/lib/libc_v4t_t_le.a(snprintf.o)
 .debug_pubnames
                0x0000001f       0x3d /opt/Rowley Associates Limited/CrossWorks for ARM 1.7/lib/libc_v4t_t_le.a(malloc.o)
 .debug_pubnames
                0x0000005c       0x1d /opt/Rowley Associates Limited/CrossWorks for ARM 1.7/lib/libc_targetio_impl_v4t_t_le.a(printf.o)
 .debug_pubnames
                0x00000079       0x21 /opt/Rowley Associates Limited/CrossWorks for ARM 1.7/lib/lib_vfprintf_long_v4t_t_le.a(__vfprintf_long.o)

.debug_aranges  0x00000000       0x80
 .debug_aranges
                0x00000000       0x20 /opt/Rowley Associates Limited/CrossWorks for ARM 1.7/lib/libc_v4t_t_le.a(snprintf.o)
 .debug_aranges
                0x00000020       0x20 /opt/Rowley Associates Limited/CrossWorks for ARM 1.7/lib/libc_v4t_t_le.a(malloc.o)
 .debug_aranges
                0x00000040       0x20 /opt/Rowley Associates Limited/CrossWorks for ARM 1.7/lib/libc_targetio_impl_v4t_t_le.a(printf.o)
 .debug_aranges
                0x00000060       0x20 /opt/Rowley Associates Limited/CrossWorks for ARM 1.7/lib/lib_vfprintf_long_v4t_t_le.a(__vfprintf_long.o)

.debug_str      0x00000000      0x17f
 .debug_str     0x00000000       0x5f /opt/Rowley Associates Limited/CrossWorks for ARM 1.7/lib/libc_v4t_t_le.a(snprintf.o)
 .debug_str     0x0000005f       0x63 /opt/Rowley Associates Limited/CrossWorks for ARM 1.7/lib/libc_v4t_t_le.a(malloc.o)
                                 0x6f (size before relaxing)
 .debug_str     0x000000c2       0x48 /opt/Rowley Associates Limited/CrossWorks for ARM 1.7/lib/libc_targetio_impl_v4t_t_le.a(printf.o)
                                 0x5b (size before relaxing)
 .debug_str     0x0000010a       0x75 /opt/Rowley Associates Limited/CrossWorks for ARM 1.7/lib/lib_vfprintf_long_v4t_t_le.a(__vfprintf_long.o)
                                 0x81 (size before relaxing)
